
[1m[46m RUN [49m[22m [36mv4.0.18 [39m[90mC:/mw/mwvault[39m

 [31mΓ¥»[39m src/app/(public)/collection/__tests__/layout.test.tsx [2m([22m[2m1 test[22m[2m | [22m[31m1 failed[39m[2m)[22m[32m 37[2mms[22m[39m
[31m     [31m├ù[31m fetches consoles and passes them to the ConsoleDropdown component[39m[32m 35[2mms[22m[39m
node.exe : 
At C:\Program Files\nodejs\npx.ps1:29 char:3
+   & $NODE_EXE $NPX_CLI_JS $args
+   ~~~~~~~~~~~~~~~~~~~~~~~~~~~~~
    + CategoryInfo          : NotSpecified: (:String) [], RemoteException
    + FullyQualifiedErrorId : NativeCommandError
 
[31mΓÄ»ΓÄ»ΓÄ»ΓÄ»ΓÄ»ΓÄ»ΓÄ»[39m[1m[41m Failed Tests 1 [49m[22m[31mΓÄ»ΓÄ»ΓÄ»ΓÄ»ΓÄ»ΓÄ»ΓÄ»[39m

[41m[1m FAIL [22m[49m src/app/(public)/collection/__tests__/layout.test.tsx[2m > [22mCollectionLayout Integration[2m > [22mfetches consoles and passes them to the ConsoleDropdown component
[31m[1mTestingLibraryElementError[22m: Found multiple elements by: [data-testid="mock-console-dropdown"]

Here are the matching elements:

Ignored nodes: comments, script, style
[36m<div[31m
  [33mdata-console-count[31m=[32m"2"[31m
  [33mdata-testid[31m=[32m"mock-console-dropdown"[31m
[36m>[31m
  [0mMock Console Dropdown[0m
[36m</div>[31m

Ignored nodes: comments, script, style
[36m<div[31m
  [33mdata-console-count[31m=[32m"2"[31m
  [33mdata-testid[31m=[32m"mock-console-dropdown"[31m
[36m>[31m
  [0mMock Console Dropdown[0m
[36m</div>[31m

(If this is intentional, then use the `*AllBy*` variant of the query (like `queryAllByText`, `getAllByText`, or `findAllByText`)).

Ignored nodes: comments, script, style
[36m<body>[31m
  [36m<div>[31m
    [36m<div[31m
      [33mclass[31m=[32m"flex-1 flex flex-col w-full relative h-[calc(100vh-140px)]"[31m
    [36m>[31m
      [36m<div[31m
        [33mclass[31m=[32m"flex-none w-full lg:hidden mb-4"[31m
      [36m>[31m
        [36m<div[31m
          [33mdata-console-count[31m=[32m"2"[31m
          [33mdata-testid[31m=[32m"mock-console-dropdown"[31m
        [36m>[31m
          [0mMock Console Dropdown[0m
        [36m</div>[31m
      [36m</div>[31m
      [36m<div[31m
        [33mclass[31m=[32m"w-full pb-4 border-b-2 border-slate-100/10 mb-4 z-40 relative"[31m
      [36m>[31m
        [36m<div[31m
          [33mdata-console-count[31m=[32m"2"[31m
          [33mdata-testid[31m=[32m"mock-console-dropdown"[31m
        [36m>[31m
          [0mMock Console Dropdown[0m
        [36m</div>[31m
      [36m</div>[31m
      [36m<div[31m
        [33mclass[31m=[32m"flex-1 flex flex-col overflow-y-auto w-full min-h-0 relative z-20"[31m
      [36m>[31m
        [36m<div[31m
          [33mdata-testid[31m=[32m"child-content"[31m
        [36m>[31m
          [0mChild Content[0m
        [36m</div>[31m
      [36m</div>[31m
    [36m</div>[31m
  [36m</div>[31m
[36m</body>[31m[39m
[90m [2mΓ¥»[22m Object.getElementError node_modules/@testing-library/dom/dist/config.js:[2m37:19[22m[39m
[90m [2mΓ¥»[22m getElementError node_modules/@testing-library/dom/dist/query-helpers.js:[2m20:35[22m[39m
[90m [2mΓ¥»[22m getMultipleElementsFoundError node_modules/@testing-library/dom/dist/query-helpers.js:[2m23:10[22m[39m
[90m [2mΓ¥»[22m node_modules/@testing-library/dom/dist/query-helpers.js:[2m55:13[22m[39m
[90m [2mΓ¥»[22m node_modules/@testing-library/dom/dist/query-helpers.js:[2m95:19[22m[39m
[36m [2mΓ¥»[22m src/app/(public)/collection/__tests__/layout.test.tsx:[2m45:33[22m[39m
    [90m 43| [39m
    [90m 44| [39m        [90m// Verify the dropdown receives the correct consoles[39m
    [90m 45| [39m        [35mconst[39m dropdown [33m=[39m screen[33m.[39m[34mgetByTestId[39m([32m'mock-console-dropdown'[39m)[33m;[39m
    [90m   | [39m                                [31m^[39m
    [90m 46| [39m        [34mexpect[39m(dropdown)[33m.[39m[34mtoBeInTheDocument[39m()[33m;[39m
    [90m 47| [39m        [34mexpect[39m(dropdown)[33m.[39m[34mtoHaveAttribute[39m([32m'data-console-count'[39m[33m,[39m [32m'2'[39m)[33m;[39m

[31m[2mΓÄ»ΓÄ»ΓÄ»ΓÄ»ΓÄ»ΓÄ»ΓÄ»ΓÄ»ΓÄ»ΓÄ»ΓÄ»ΓÄ»ΓÄ»ΓÄ»ΓÄ»ΓÄ»ΓÄ»ΓÄ»ΓÄ»ΓÄ»ΓÄ»ΓÄ»ΓÄ»ΓÄ»[1/1]ΓÄ»[22m[39m


[2m Test Files [22m [1m[31m1 failed[39m[22m[90m (1)[39m
[2m      Tests [22m [1m[31m1 failed[39m[22m[90m (1)[39m
[2m   Start at [22m 22:12:03
[2m   Duration [22m 1.36s[2m (transform 79ms, setup 261ms, import 70ms, tests 37ms, environment 810ms)[22m

