
[1m[46m RUN [49m[22m [36mv4.0.18 [39m[90mC:/mw/mwvault[39m

 [32mΓ£ô[39m src/hooks/__tests__/useSpatialNavigation.test.tsx [2m([22m[2m5 tests[22m[2m)[22m[32m 57[2mms[22m[39m
node.exe : 
[90mstderr[2m | src/c
omponents/ui/__tests__/
GameClock.test.tsx[2m 
> 
[22m[2mGameClock[2m 
> [22m[2mupdates the 
time every second
At C:\Program Files\nod
ejs\npx.ps1:29 char:3
+   & $NODE_EXE 
$NPX_CLI_JS $args
+   ~~~~~~~~~~~~~~~~~~~
~~~~~~~~~~
    + CategoryInfo     
         : NotSpecifi  
  ed: ([90mstderr[   
 2m...me every seco    
nd:String) [], Rem    
oteException
    + FullyQualifiedEr 
   rorId : NativeComm  
  andError
 
[22m[39mAn update to 
GameClock inside a 
test was not wrapped 
in act(...).

When testing, code 
that causes React 
state updates should 
be wrapped into 
act(...):

act(() => {
  /* fire events that 
update state */
});
/* assert on the 
output */

This ensures that 
you're testing the 
behavior the user 
would see in the 
browser. Learn more at 
https://react.dev/link/
wrap-tests-with-act

 [31mΓ¥»[39m src/components/ui/__tests__/GameClock.test.tsx [2m([22m[2m3 tests[22m[2m | [22m[31m1 failed[39m[2m)[22m[32m 61[2mms[22m[39m
     [32mΓ£ô[39m renders the initial time correctly[32m 41[2mms[22m[39m
[31m     [31m├ù[31m updates the time every second[39m[32m 14[2mms[22m[39m
     [32mΓ£ô[39m clears intervals on unmount to prevent memory leaks[32m 5[2mms[22m[39m
 [32mΓ£ô[39m src/components/ui/__tests__/SelectorGrid.test.tsx [2m([22m[2m3 tests[22m[2m)[22m[32m 237[2mms[22m[39m
 [32mΓ£ô[39m src/components/ui/__tests__/JrpgMenuList.test.tsx [2m([22m[2m4 tests[22m[2m)[22m[33m 301[2mms[22m[39m

[31mΓÄ»ΓÄ»ΓÄ»ΓÄ»ΓÄ»ΓÄ»
ΓÄ»[39m[1m[41m 
Failed Tests 1 [49m[2
2m[31mΓÄ»ΓÄ»ΓÄ»ΓÄ»ΓÄ»Γ
Ä»ΓÄ»[39m

[41m[1m FAIL 
[22m[49m src/componen
ts/ui/__tests__/GameClo
ck.test.tsx[2m > 
[22mGameClock[2m > 
[22mupdates the time 
every second
[31m[1mTestingLibrary
ElementError[22m: 
Unable to find an 
element with the text: 
14:30:16. This could 
be because the text is 
broken up by multiple 
elements. In this 
case, you can provide 
a function for your 
text matcher to make 
your matcher more 
flexible.

Ignored nodes: 
comments, script, style
[36m<body>[31m
  [36m<div>[31m
    [36m<div[31m
      [33mclass[31m=
[32m"flex items-center 
justify-between"[31m
    [36m>[31m
      [36m<svg[31m
        [33maria-hidde
n[31m=[32m"true"[31m
        [33mclass[31m
=[32m"lucide 
lucide-clock w-5 h-5 
text-gray-300 
drop-shadow-md"[31m
        [33mfill[31m=
[32m"none"[31m
        [33mheight[31
m=[32m"24"[31m
        [33mstroke[31
m=[32m"currentColor"[
31m
        [33mstroke-lin
ecap[31m=[32m"round"
[31m
        [33mstroke-lin
ejoin[31m=[32m"round"
[31m
        [33mstroke-wid
th[31m=[32m"2"[31m
        [33mviewBox[3
1m=[32m"0 0 24 
24"[31m
        [33mwidth[31m
=[32m"24"[31m
        [33mxmlns[31m
=[32m"http://www.w3.or
g/2000/svg"[31m
      [36m>[31m
        
[36m<circle[31m
          [33mcx[31m=
[32m"12"[31m
          [33mcy[31m=
[32m"12"[31m
          [33mr[31m=
[32m"10"[31m
        [36m/>[31m
        [36m<path[31m
          
[33md[31m=[32m"M12 
6v6l4 2"[31m
        [36m/>[31m
      [36m</svg>[31m
      [36m<span[31m
        [33mclass[31m
=[32m"text-xl 
tracking-widest 
text-gray-100 
jrpg-text-shadow 
leading-none"[31m
      [36m>[31m
        
[0m14:30:15[0m
      [36m</span>[31m
    [36m</div>[31m
  [36m</div>[31m
[36m</body>[31m[39m
[90m [2mΓ¥»[22m 
Object.getElementError 
node_modules/@testing-l
ibrary/dom/dist/config.
js:[2m37:19[22m[39m
[90m [2mΓ¥»[22m node
_modules/@testing-libra
ry/dom/dist/query-helpe
rs.js:[2m76:38[22m[3
9m
[90m [2mΓ¥»[22m node
_modules/@testing-libra
ry/dom/dist/query-helpe
rs.js:[2m52:17[22m[3
9m
[90m [2mΓ¥»[22m node
_modules/@testing-libra
ry/dom/dist/query-helpe
rs.js:[2m95:19[22m[3
9m
[36m [2mΓ¥»[22m src/
components/ui/__tests__
/GameClock.test.tsx:[2
m36:23[22m[39m
    [90m 34| [39m
    [90m 35| [39m    
    [90m// Time 
should update[39m
    [90m 36| [39m    
    [34mexpect[39m(sc
reen[33m.[39m[34mget
ByText[39m([32m'14:30
:16'[39m))[33m.[39m
[34mtoBeInTheDocument[
39m()[33m;[39m
    [90m   | [39m    
                  
[31m^[39m
    [90m 37| [39m
    [90m 38| [39m    
    [90m// Advance 
timer by 59 
seconds[39m

[31m[2mΓÄ»ΓÄ»ΓÄ»ΓÄ»ΓÄ
»ΓÄ»ΓÄ»ΓÄ»ΓÄ»ΓÄ»ΓÄ»ΓÄ»Γ
Ä»ΓÄ»ΓÄ»ΓÄ»ΓÄ»ΓÄ»ΓÄ»ΓÄ»
ΓÄ»ΓÄ»ΓÄ»ΓÄ»[1/1]ΓÄ»[2
2m[39m


[2m Test Files [22m [1m[31m1 failed[39m[22m[2m | [22m[1m[32m3 passed[39m[22m[90m (4)[39m
[2m      Tests [22m [1m[31m1 failed[39m[22m[2m | [22m[1m[32m14 passed[39m[22m[90m (15)[39m
[2m   Start at [22m 12:19:38
[2m   Duration [22m 2.14s[2m (transform 336ms, setup 1.61s, import 670ms, tests 657ms, environment 4.13s)[22m

